{error,eexist}.
{error,eexist}.
ok.
"/home/joq62/logs".
"/home/joq62/logs/connect".
